"bool1"
true
false
true
false
true
false
true
false
true
false
true
false
true
false
true
false

