"new_time","new_tag","payload"
"2000-02-29 23:59:09.000000","replaced_tag","success"
"2000-02-29 23:59:09.000000","replaced_tag","success"
"2000-02-29 23:59:09.000000","replaced_tag","success"
"2000-02-29 23:59:09.000000","replaced_tag","success"
