"dns1","dns2","dns3"
"2016-10-03","2016-10-03 23:58:09.000","2016-10-03"
"2016-10-02","2016-10-02 15:00:00.000","2016-10-02"
"2000-02-29","2000-02-29 03:34:56.789","2000-02-29"
,,
