"d1","d2","d3"
0.00000000,0.00000000,0.00000000000000000000000000000000000000
12345678901234567128.06498304,12345678901234567128.06498304,1.12345678901234569996667630932476297216
12345678901234567890.12345678,12345678901234567890.12345678,1.12345678901234567890123456789012345678
,,
