"float1","float2","float3"
3.968750,3.968750,3.968750
-1.984375,-1.984375,-1.984375
-1.984375,-1.984375,-1.984375
,,
