"i1","i2","i3","i4"
-128,-32767,-2147483647,-4294967295
127,32767,2147483647,4294967295
127,32767,2147483647,4294967295
,,,
