"ip1","ip2"
"192.168.0.1","b085:fe52:e3c1:bc49:5fab:65de:64d8:d5b8"
"0.0.0.0","::"
"0.0.0.1","::1"
"255.255.255.255","ffff:ffff:ffff:ffff:ffff:ffff:ffff:ffff"
,
