"tsns1","tsns2","tsns3","tsns4","tsns5"
"2016-10-03 23:58:09.000000","2016-10-03 23:58:09","2016-10-03 23:58:09.000","2016-10-03 23:58:09.000000","2016-10-03 23:58:09.000000000"
"2000-02-29 03:34:56.789012","2000-02-29 03:34:56","2000-02-29 03:34:56.789","2000-02-29 03:34:56.789012","2000-02-29 03:34:56.789012000"
"2000-02-29 03:34:56.789012","2000-02-29 03:34:56","2000-02-29 03:34:56.789","2000-02-29 03:34:56.789012","2000-02-29 03:34:56.789012000"
"2000-02-29 07:34:56.789012","2000-02-29 07:34:56","2000-02-29 07:34:56.789","2000-02-29 07:34:56.789012","2000-02-29 07:34:56.789012000"
,,,,
