"tsns1","tsns2","tsns3","tsns4","tsns5"
"23:58:09","23:58:09.000000000","23:58:09.000000","23:58:09.000","23:58:09"
"12:34:56","12:34:56.789012000","12:34:56.789012","12:34:56.789","12:34:56"
,,,,
