"ui1","ui2","ui3","ui4"
0,0,0,0
255,32767,2147483647,4294967295
255,32767,2147483647,4294967295
,,,
